
(Aptana Studio 3:7156): LIBDBUSMENU-GTK-CRITICAL **: watch_submenu: assertion `GTK_IS_MENU_SHELL(menu)' failed

(Aptana Studio 3:7156): LIBDBUSMENU-GTK-CRITICAL **: watch_submenu: assertion `GTK_IS_MENU_SHELL(menu)' failed

(Aptana Studio 3:7156): LIBDBUSMENU-GTK-CRITICAL **: watch_submenu: assertion `GTK_IS_MENU_SHELL(menu)' failed

(Aptana Studio 3:7156): LIBDBUSMENU-GTK-CRITICAL **: watch_submenu: assertion `GTK_IS_MENU_SHELL(menu)' failed

(Aptana Studio 3:7156): LIBDBUSMENU-GTK-CRITICAL **: watch_submenu: assertion `GTK_IS_MENU_SHELL(menu)' failed

(Aptana Studio 3:7156): LIBDBUSMENU-GTK-CRITICAL **: watch_submenu: assertion `GTK_IS_MENU_SHELL(menu)' failed

(Aptana Studio 3:7156): LIBDBUSMENU-GTK-CRITICAL **: watch_submenu: assertion `GTK_IS_MENU_SHELL(menu)' failed

(Aptana Studio 3:7156): LIBDBUSMENU-GLIB-WARNING **: Trying to remove a child that doesn't believe we're its parent.
(Build 3.4.1.201306062137) [ERROR]  Not supported yet.
java.lang.UnsupportedOperationException: Not supported yet.
	at org.jrubyparser.ast.LambdaNode.accept(LambdaNode.java:58)
	at com.aptana.ruby.core.ast.AbstractVisitor.acceptNode(AbstractVisitor.java:37)
	at com.aptana.ruby.core.ast.InOrderVisitor.visitFCallNode(InOrderVisitor.java:350)
	at com.aptana.ruby.core.ast.SourceElementVisitor.visitFCallNode(SourceElementVisitor.java:609)
	at org.jrubyparser.ast.FCallNode.accept(FCallNode.java:66)
	at com.aptana.ruby.core.ast.AbstractVisitor.acceptNode(AbstractVisitor.java:53)
	at com.aptana.ruby.core.ast.InOrderVisitor.visitNewlineNode(InOrderVisitor.java:525)
	at org.jrubyparser.ast.NewlineNode.accept(NewlineNode.java:67)
	at com.aptana.ruby.core.ast.AbstractVisitor.acceptNode(AbstractVisitor.java:53)
	at com.aptana.ruby.core.ast.InOrderVisitor.visitIterNode(InOrderVisitor.java:448)
	at com.aptana.ruby.core.ast.SourceElementVisitor.visitIterNode(SourceElementVisitor.java:805)
	at org.jrubyparser.ast.IterNode.accept(IterNode.java:71)
	at com.aptana.ruby.core.ast.AbstractVisitor.acceptNode(AbstractVisitor.java:53)
	at com.aptana.ruby.core.ast.InOrderVisitor.visitCallNode(InOrderVisitor.java:195)
	at com.aptana.ruby.core.ast.SourceElementVisitor.visitCallNode(SourceElementVisitor.java:230)
	at org.jrubyparser.ast.CallNode.accept(CallNode.java:70)
	at com.aptana.ruby.core.ast.AbstractVisitor.acceptNode(AbstractVisitor.java:53)
	at com.aptana.ruby.core.ast.InOrderVisitor.visitNewlineNode(InOrderVisitor.java:525)
	at org.jrubyparser.ast.NewlineNode.accept(NewlineNode.java:67)
	at com.aptana.ruby.core.ast.AbstractVisitor.acceptNode(AbstractVisitor.java:37)
	at com.aptana.ruby.core.ast.InOrderVisitor.visitClassNode(InOrderVisitor.java:213)
	at com.aptana.ruby.core.ast.SourceElementVisitor.visitClassNode(SourceElementVisitor.java:260)
	at org.jrubyparser.ast.ClassNode.accept(ClassNode.java:68)
	at com.aptana.ruby.core.ast.AbstractVisitor.acceptNode(AbstractVisitor.java:53)
	at com.aptana.ruby.core.ast.InOrderVisitor.visitNewlineNode(InOrderVisitor.java:525)
	at org.jrubyparser.ast.NewlineNode.accept(NewlineNode.java:67)
	at com.aptana.ruby.core.ast.AbstractVisitor.acceptNode(AbstractVisitor.java:37)
	at com.aptana.ruby.core.ast.InOrderVisitor.visitRootNode(InOrderVisitor.java:668)
	at com.aptana.ruby.core.ast.SourceElementVisitor.visitRootNode(SourceElementVisitor.java:848)
	at org.jrubyparser.ast.RootNode.accept(RootNode.java:84)
	at com.aptana.ruby.core.ast.AbstractVisitor.acceptNode(AbstractVisitor.java:53)
	at com.aptana.ruby.internal.core.index.RubyFileIndexingParticipant.indexAST(RubyFileIndexingParticipant.java:73)
	at com.aptana.ruby.internal.core.index.RubyFileIndexingParticipant.indexSource(RubyFileIndexingParticipant.java:61)
	at com.aptana.ruby.internal.core.index.RubyFileIndexingParticipant.index(RubyFileIndexingParticipant.java:37)
	at com.aptana.index.core.IndexRequestJob.indexFileStores(IndexRequestJob.java:205)
	at com.aptana.index.core.IndexContainerJob.run(IndexContainerJob.java:114)
	at org.eclipse.core.internal.jobs.Worker.run(Worker.java:54)
(Build 3.4.1.201306062137) [ERROR]  Not supported yet.
java.lang.UnsupportedOperationException: Not supported yet.
	at org.jrubyparser.ast.LambdaNode.accept(LambdaNode.java:58)
	at com.aptana.ruby.core.ast.AbstractVisitor.acceptNode(AbstractVisitor.java:37)
	at com.aptana.ruby.core.ast.InOrderVisitor.visitFCallNode(InOrderVisitor.java:350)
	at com.aptana.ruby.core.ast.SourceElementVisitor.visitFCallNode(SourceElementVisitor.java:609)
	at org.jrubyparser.ast.FCallNode.accept(FCallNode.java:66)
	at com.aptana.ruby.core.ast.AbstractVisitor.acceptNode(AbstractVisitor.java:53)
	at com.aptana.ruby.core.ast.InOrderVisitor.visitNewlineNode(InOrderVisitor.java:525)
	at org.jrubyparser.ast.NewlineNode.accept(NewlineNode.java:67)
	at com.aptana.ruby.core.ast.AbstractVisitor.acceptNode(AbstractVisitor.java:37)
	at com.aptana.ruby.core.ast.InOrderVisitor.visitClassNode(InOrderVisitor.java:213)
	at com.aptana.ruby.core.ast.SourceElementVisitor.visitClassNode(SourceElementVisitor.java:260)
	at org.jrubyparser.ast.ClassNode.accept(ClassNode.java:68)
	at com.aptana.ruby.core.ast.AbstractVisitor.acceptNode(AbstractVisitor.java:53)
	at com.aptana.ruby.core.ast.InOrderVisitor.visitNewlineNode(InOrderVisitor.java:525)
	at org.jrubyparser.ast.NewlineNode.accept(NewlineNode.java:67)
	at com.aptana.ruby.core.ast.AbstractVisitor.acceptNode(AbstractVisitor.java:37)
	at com.aptana.ruby.core.ast.InOrderVisitor.visitRootNode(InOrderVisitor.java:668)
	at com.aptana.ruby.core.ast.SourceElementVisitor.visitRootNode(SourceElementVisitor.java:848)
	at org.jrubyparser.ast.RootNode.accept(RootNode.java:84)
	at com.aptana.ruby.core.ast.AbstractVisitor.acceptNode(AbstractVisitor.java:53)
	at com.aptana.ruby.internal.core.index.RubyFileIndexingParticipant.indexAST(RubyFileIndexingParticipant.java:73)
	at com.aptana.ruby.internal.core.index.RubyFileIndexingParticipant.indexSource(RubyFileIndexingParticipant.java:61)
	at com.aptana.ruby.internal.core.index.RubyFileIndexingParticipant.index(RubyFileIndexingParticipant.java:37)
	at com.aptana.index.core.IndexRequestJob.indexFileStores(IndexRequestJob.java:205)
	at com.aptana.index.core.IndexContainerJob.run(IndexContainerJob.java:114)
	at org.eclipse.core.internal.jobs.Worker.run(Worker.java:54)

(Aptana Studio 3:7156): LIBDBUSMENU-GTK-CRITICAL **: watch_submenu: assertion `GTK_IS_MENU_SHELL(menu)' failed

(Aptana Studio 3:7156): LIBDBUSMENU-GTK-CRITICAL **: watch_submenu: assertion `GTK_IS_MENU_SHELL(menu)' failed

(Aptana Studio 3:7156): LIBDBUSMENU-GTK-CRITICAL **: watch_submenu: assertion `GTK_IS_MENU_SHELL(menu)' failed

(Aptana Studio 3:7156): LIBDBUSMENU-GLIB-WARNING **: Trying to remove a child that doesn't believe we're its parent.

(Aptana Studio 3:7156): LIBDBUSMENU-GTK-CRITICAL **: watch_submenu: assertion `GTK_IS_MENU_SHELL(menu)' failed

(Aptana Studio 3:7156): LIBDBUSMENU-GTK-CRITICAL **: watch_submenu: assertion `GTK_IS_MENU_SHELL(menu)' failed

(Aptana Studio 3:7156): LIBDBUSMENU-GTK-CRITICAL **: watch_submenu: assertion `GTK_IS_MENU_SHELL(menu)' failed
Job found still running after platform shutdown.  Jobs should be canceled by the plugin that scheduled them during shutdown: com.aptana.usage.internal.DefaultAnalyticsEventHandler$1
Job found still running after platform shutdown.  Jobs should be canceled by the plugin that scheduled them during shutdown: com.aptana.usage.internal.DefaultAnalyticsEventHandler$1
